// Jest Snapshot v1, https://goo.gl/fbAQLP

exports[`SplitAnnotation component testing ActionButton 1`] = `
<DocumentFragment>
  <div
    class="sc-dmyCSP kEwKeR"
    display="flex"
  >
    <div
      class="sc-beySPh gWwHzr"
      pr="1"
    />
    <hr
      class="sc-guDLey kfgvKh"
      color="#B3BAC1"
      orientation="vertical"
    />
    <div
      class="sc-beySPh gWwHzr"
      pr="1"
    />
    <div
      class="sc-hLQSwg eSKVoB"
    >
      Annnotation
    </div>
  </div>
</DocumentFragment>
`;
