// Jest Snapshot v1, https://goo.gl/fbAQLP

exports[`MenuList component testing MenuList splited 1`] = `
<DocumentFragment>
  <div
    class="sc-guDLey cEicFc"
    maxheight="none"
  >
    <div
      class="sc-dmyCSP eGXLoQ"
    >
      <p
        align="left"
        class="sc-beySPh ktQAwU"
        color="#596978"
        font-size="12px"
        lineheight="1.4"
        weight="bold"
      >
        Title
      </p>
    </div>
    <div
      active="[object Object]"
      class="sc-jTQCzO jHZsqo"
      hover="[object Object]"
      normal="[object Object]"
    >
      <p
        align="left"
        class="sc-beySPh gYdMCB sc-eDLKkx"
        color="#041C33"
        font-size="13px"
        lineheight="1.4"
        weight="normal"
      >
        Save
      </p>
    </div>
    <hr
      class="sc-gLLuof cBLtSu"
      color="#E2E8EA"
      mx="2"
      my="1"
      orientation="horizontal"
    />
    <div
      active="[object Object]"
      class="sc-jTQCzO jHZsqo"
      hover="[object Object]"
      normal="[object Object]"
    >
      <p
        align="left"
        class="sc-beySPh gYdMCB sc-eDLKkx"
        color="#041C33"
        font-size="13px"
        lineheight="1.4"
        weight="normal"
      >
        Save and execute
      </p>
    </div>
    <div
      active="[object Object]"
      class="sc-jTQCzO hFFeAB"
      hover="[object Object]"
      normal="[object Object]"
    >
      <p
        align="left"
        class="sc-beySPh JXSGA sc-eDLKkx"
        color="#EB0A4E"
        font-size="13px"
        lineheight="1.4"
        weight="normal"
      >
        Save as draft
      </p>
    </div>
    <div
      active="[object Object]"
      class="sc-jTQCzO kElexL"
      disabled=""
      hover="[object Object]"
      normal="[object Object]"
    >
      <p
        align="left"
        class="sc-beySPh hmvkRH sc-eDLKkx"
        color="#B3BAC1"
        font-size="13px"
        lineheight="1.4"
        weight="normal"
      >
        Cancel
      </p>
    </div>
    <div
      active="[object Object]"
      class="sc-jTQCzO jHZsqo"
      hover="[object Object]"
      normal="[object Object]"
    >
      <div
        class="sc-fsYfdN cFyDfm"
        mr="1"
      >
        <div
          class="sc-hLQSwg bkRYPv"
        >
          <span
            class="sc-iBdnpw cWhIRg"
            size="18"
          >
            <svg
              viewBox="0 0 24 24"
              xmlns="http://www.w3.org/2000/svg"
            >
              <path
                d="M7,19V13H17v6h2V7.828L16.172,5H5V19ZM4,3H17l4,4V20a1,1,0,0,1-1,1H4a1,1,0,0,1-1-1V4A1,1,0,0,1,4,3ZM9,15v4h6V15Z"
                fill="#041C33"
              />
            </svg>
          </span>
        </div>
      </div>
      <p
        align="left"
        class="sc-beySPh gYdMCB sc-eDLKkx"
        color="#041C33"
        font-size="13px"
        lineheight="1.4"
        weight="normal"
      >
        Save
      </p>
    </div>
    <hr
      class="sc-gLLuof cBLtSu"
      color="#E2E8EA"
      mx="2"
      my="1"
      orientation="horizontal"
    />
    <div
      active="[object Object]"
      class="sc-jTQCzO jHZsqo"
      hover="[object Object]"
      normal="[object Object]"
    >
      <div
        class="sc-fsYfdN cFyDfm"
        mr="1"
      >
        <div
          class="sc-hLQSwg bkRYPv"
        >
          <span
            class="sc-iBdnpw cWhIRg"
            size="18"
          >
            <svg
              viewBox="0 0 24 24"
              xmlns="http://www.w3.org/2000/svg"
            >
              <path
                d="M7,19V13H17v6h2V7.828L16.172,5H5V19ZM4,3H17l4,4V20a1,1,0,0,1-1,1H4a1,1,0,0,1-1-1V4A1,1,0,0,1,4,3ZM9,15v4h6V15Z"
                fill="#041C33"
              />
            </svg>
          </span>
        </div>
      </div>
      <p
        align="left"
        class="sc-beySPh gYdMCB sc-eDLKkx"
        color="#041C33"
        font-size="13px"
        lineheight="1.4"
        weight="normal"
      >
        Save and execute
      </p>
    </div>
    <div
      active="[object Object]"
      class="sc-jTQCzO hFFeAB"
      hover="[object Object]"
      normal="[object Object]"
    >
      <div
        class="sc-fsYfdN cFyDfm"
        mr="1"
      >
        <div
          class="sc-hLQSwg bkRYPv"
        >
          <span
            class="sc-iBdnpw cWhIRg"
            size="18"
          >
            <svg
              viewBox="0 0 24 24"
              xmlns="http://www.w3.org/2000/svg"
            >
              <path
                d="M7,19V13H17v6h2V7.828L16.172,5H5V19ZM4,3H17l4,4V20a1,1,0,0,1-1,1H4a1,1,0,0,1-1-1V4A1,1,0,0,1,4,3ZM9,15v4h6V15Z"
                fill="#EB0A4E"
              />
            </svg>
          </span>
        </div>
      </div>
      <p
        align="left"
        class="sc-beySPh JXSGA sc-eDLKkx"
        color="#EB0A4E"
        font-size="13px"
        lineheight="1.4"
        weight="normal"
      >
        Save as draft
      </p>
    </div>
    <div
      active="[object Object]"
      class="sc-jTQCzO kElexL"
      disabled=""
      hover="[object Object]"
      normal="[object Object]"
    >
      <div
        class="sc-fsYfdN cFyDfm"
        mr="1"
      >
        <div
          class="sc-hLQSwg fNeGud"
          disabled=""
        >
          <span
            class="sc-iBdnpw cWhIRg"
            size="18"
          >
            <svg
              viewBox="0 0 24 24"
              xmlns="http://www.w3.org/2000/svg"
            >
              <path
                d="M7,19V13H17v6h2V7.828L16.172,5H5V19ZM4,3H17l4,4V20a1,1,0,0,1-1,1H4a1,1,0,0,1-1-1V4A1,1,0,0,1,4,3ZM9,15v4h6V15Z"
                fill="disabled"
              />
            </svg>
          </span>
        </div>
      </div>
      <p
        align="left"
        class="sc-beySPh hmvkRH sc-eDLKkx"
        color="#B3BAC1"
        font-size="13px"
        lineheight="1.4"
        weight="normal"
      >
        Cancel
      </p>
    </div>
  </div>
</DocumentFragment>
`;
