// Jest Snapshot v1, https://goo.gl/fbAQLP

exports[`Switch component testing Switch 1`] = `
<DocumentFragment>
  <div
    class="sc-beySPh cizcJn"
  >
    <div
      class="sc-guDLey eOSJFX"
    >
      <div
        class="sc-jTQCzO jmtGQZ"
        style="left: 0px; width: 0px;"
      />
      <div
        class="sc-dmyCSP hSWpeY"
      >
        <div
          class="sc-eDLKkx irPYag"
        >
          <span
            align="left"
            class="sc-iBdnpw hdyHie"
            color="#596978"
            font-size="13px"
            lineheight="1.4"
            weight="bold"
          >
            Hoge
          </span>
        </div>
        <div
          class="sc-eDLKkx irPYag"
        >
          <span
            align="left"
            class="sc-iBdnpw iaoXOs"
            color="#596978"
            font-size="13px"
            lineheight="1.4"
            weight="normal"
          >
            Fuga
          </span>
        </div>
      </div>
    </div>
  </div>
</DocumentFragment>
`;
