// Jest Snapshot v1, https://goo.gl/fbAQLP

exports[`WeekTime component testing WeekTime 1`] = `
<DocumentFragment>
  <div
    class="sc-beySPh"
  >
    <div
      class="sc-dmyCSP bKAKji"
    >
      <div
        class="sc-hLQSwg sc-gLLuof cTjIhq cSmFhF"
      />
      <div
        class="sc-hLQSwg sc-jTQCzO cTjIhq cdxivt"
      >
        0
      </div>
      <div
        class="sc-hLQSwg sc-jTQCzO cTjIhq cdxivt"
      >
        1
      </div>
      <div
        class="sc-hLQSwg sc-jTQCzO cTjIhq cdxivt"
      >
        2
      </div>
      <div
        class="sc-hLQSwg sc-jTQCzO cTjIhq cdxivt"
      >
        3
      </div>
      <div
        class="sc-hLQSwg sc-jTQCzO cTjIhq cdxivt"
      >
        4
      </div>
      <div
        class="sc-hLQSwg sc-jTQCzO cTjIhq cdxivt"
      >
        5
      </div>
      <div
        class="sc-hLQSwg sc-jTQCzO cTjIhq cdxivt"
      >
        6
      </div>
      <div
        class="sc-hLQSwg sc-jTQCzO cTjIhq cdxivt"
      >
        7
      </div>
      <div
        class="sc-hLQSwg sc-jTQCzO cTjIhq cdxivt"
      >
        8
      </div>
      <div
        class="sc-hLQSwg sc-jTQCzO cTjIhq cdxivt"
      >
        9
      </div>
      <div
        class="sc-hLQSwg sc-jTQCzO cTjIhq cdxivt"
      >
        10
      </div>
      <div
        class="sc-hLQSwg sc-jTQCzO cTjIhq cdxivt"
      >
        11
      </div>
      <div
        class="sc-hLQSwg sc-jTQCzO cTjIhq cdxivt"
      >
        12
      </div>
      <div
        class="sc-hLQSwg sc-jTQCzO cTjIhq cdxivt"
      >
        13
      </div>
      <div
        class="sc-hLQSwg sc-jTQCzO cTjIhq cdxivt"
      >
        14
      </div>
      <div
        class="sc-hLQSwg sc-jTQCzO cTjIhq cdxivt"
      >
        15
      </div>
      <div
        class="sc-hLQSwg sc-jTQCzO cTjIhq cdxivt"
      >
        16
      </div>
      <div
        class="sc-hLQSwg sc-jTQCzO cTjIhq cdxivt"
      >
        17
      </div>
      <div
        class="sc-hLQSwg sc-jTQCzO cTjIhq cdxivt"
      >
        18
      </div>
      <div
        class="sc-hLQSwg sc-jTQCzO cTjIhq cdxivt"
      >
        19
      </div>
      <div
        class="sc-hLQSwg sc-jTQCzO cTjIhq cdxivt"
      >
        20
      </div>
      <div
        class="sc-hLQSwg sc-jTQCzO cTjIhq cdxivt"
      >
        21
      </div>
      <div
        class="sc-hLQSwg sc-jTQCzO cTjIhq cdxivt"
      >
        22
      </div>
      <div
        class="sc-hLQSwg sc-jTQCzO cTjIhq cdxivt"
      >
        23
      </div>
      <div
        class="sc-hLQSwg sc-eDLKkx cTjIhq ecztgU"
      >
        Sun
      </div>
      <span
        class="sc-guDLey bfIzJH"
      />
      <span
        class="sc-guDLey bfIzJH"
      />
      <span
        class="sc-guDLey bfIzJH"
      />
      <span
        class="sc-guDLey bfIzJH"
      />
      <span
        class="sc-guDLey bfIzJH"
      />
      <span
        class="sc-guDLey bfIzJH"
      />
      <span
        class="sc-guDLey bfIzJH"
      />
      <span
        class="sc-guDLey bfIzJH"
      />
      <span
        class="sc-guDLey bfIzJH"
      />
      <span
        class="sc-guDLey bfIzJH"
      />
      <span
        class="sc-guDLey bfIzJH"
      />
      <span
        class="sc-guDLey bfIzJH"
      />
      <span
        class="sc-guDLey bfIzJH"
      />
      <span
        class="sc-guDLey bfIzJH"
      />
      <span
        class="sc-guDLey bfIzJH"
      />
      <span
        class="sc-guDLey bfIzJH"
      />
      <span
        class="sc-guDLey bfIzJH"
      />
      <span
        class="sc-guDLey bfIzJH"
      />
      <span
        class="sc-guDLey bfIzJH"
      />
      <span
        class="sc-guDLey bfIzJH"
      />
      <span
        class="sc-guDLey bfIzJH"
      />
      <span
        class="sc-guDLey bfIzJH"
      />
      <span
        class="sc-guDLey bfIzJH"
      />
      <span
        class="sc-guDLey bfIzJH"
      />
      <div
        class="sc-hLQSwg sc-eDLKkx cTjIhq ecztgU"
      >
        Mon
      </div>
      <span
        class="sc-guDLey bfIzJH"
      />
      <span
        class="sc-guDLey bfIzJH"
      />
      <span
        class="sc-guDLey bfIzJH"
      />
      <span
        class="sc-guDLey bfIzJH"
      />
      <span
        class="sc-guDLey bfIzJH"
      />
      <span
        class="sc-guDLey bfIzJH"
      />
      <span
        class="sc-guDLey bfIzJH"
      />
      <span
        class="sc-guDLey bfIzJH"
      />
      <span
        class="sc-guDLey bfIzJH"
      />
      <span
        class="sc-guDLey bfIzJH"
      />
      <span
        class="sc-guDLey bfIzJH"
      />
      <span
        class="sc-guDLey bfIzJH"
      />
      <span
        class="sc-guDLey bfIzJH"
      />
      <span
        class="sc-guDLey bfIzJH"
      />
      <span
        class="sc-guDLey bfIzJH"
      />
      <span
        class="sc-guDLey bfIzJH"
      />
      <span
        class="sc-guDLey bfIzJH"
      />
      <span
        class="sc-guDLey bfIzJH"
      />
      <span
        class="sc-guDLey bfIzJH"
      />
      <span
        class="sc-guDLey bfIzJH"
      />
      <span
        class="sc-guDLey bfIzJH"
      />
      <span
        class="sc-guDLey bfIzJH"
      />
      <span
        class="sc-guDLey bfIzJH"
      />
      <span
        class="sc-guDLey bfIzJH"
      />
      <div
        class="sc-hLQSwg sc-eDLKkx cTjIhq ecztgU"
      >
        Tue
      </div>
      <span
        class="sc-guDLey bfIzJH"
      />
      <span
        class="sc-guDLey bfIzJH"
      />
      <span
        class="sc-guDLey bfIzJH"
      />
      <span
        class="sc-guDLey bfIzJH"
      />
      <span
        class="sc-guDLey bfIzJH"
      />
      <span
        class="sc-guDLey bfIzJH"
      />
      <span
        class="sc-guDLey bfIzJH"
      />
      <span
        class="sc-guDLey bfIzJH"
      />
      <span
        class="sc-guDLey bfIzJH"
      />
      <span
        class="sc-guDLey bfIzJH"
      />
      <span
        class="sc-guDLey bfIzJH"
      />
      <span
        class="sc-guDLey bfIzJH"
      />
      <span
        class="sc-guDLey bfIzJH"
      />
      <span
        class="sc-guDLey bfIzJH"
      />
      <span
        class="sc-guDLey bfIzJH"
      />
      <span
        class="sc-guDLey bfIzJH"
      />
      <span
        class="sc-guDLey bfIzJH"
      />
      <span
        class="sc-guDLey bfIzJH"
      />
      <span
        class="sc-guDLey bfIzJH"
      />
      <span
        class="sc-guDLey bfIzJH"
      />
      <span
        class="sc-guDLey bfIzJH"
      />
      <span
        class="sc-guDLey bfIzJH"
      />
      <span
        class="sc-guDLey bfIzJH"
      />
      <span
        class="sc-guDLey bfIzJH"
      />
      <div
        class="sc-hLQSwg sc-eDLKkx cTjIhq ecztgU"
      >
        Wed
      </div>
      <span
        class="sc-guDLey bfIzJH"
      />
      <span
        class="sc-guDLey bfIzJH"
      />
      <span
        class="sc-guDLey bfIzJH"
      />
      <span
        class="sc-guDLey bfIzJH"
      />
      <span
        class="sc-guDLey bfIzJH"
      />
      <span
        class="sc-guDLey bfIzJH"
      />
      <span
        class="sc-guDLey bfIzJH"
      />
      <span
        class="sc-guDLey bfIzJH"
      />
      <span
        class="sc-guDLey bfIzJH"
      />
      <span
        class="sc-guDLey bfIzJH"
      />
      <span
        class="sc-guDLey bfIzJH"
      />
      <span
        class="sc-guDLey bfIzJH"
      />
      <span
        class="sc-guDLey bfIzJH"
      />
      <span
        class="sc-guDLey bfIzJH"
      />
      <span
        class="sc-guDLey bfIzJH"
      />
      <span
        class="sc-guDLey bfIzJH"
      />
      <span
        class="sc-guDLey bfIzJH"
      />
      <span
        class="sc-guDLey bfIzJH"
      />
      <span
        class="sc-guDLey bfIzJH"
      />
      <span
        class="sc-guDLey bfIzJH"
      />
      <span
        class="sc-guDLey bfIzJH"
      />
      <span
        class="sc-guDLey bfIzJH"
      />
      <span
        class="sc-guDLey bfIzJH"
      />
      <span
        class="sc-guDLey bfIzJH"
      />
      <div
        class="sc-hLQSwg sc-eDLKkx cTjIhq ecztgU"
      >
        Thu
      </div>
      <span
        class="sc-guDLey bfIzJH"
      />
      <span
        class="sc-guDLey bfIzJH"
      />
      <span
        class="sc-guDLey bfIzJH"
      />
      <span
        class="sc-guDLey bfIzJH"
      />
      <span
        class="sc-guDLey bfIzJH"
      />
      <span
        class="sc-guDLey bfIzJH"
      />
      <span
        class="sc-guDLey bfIzJH"
      />
      <span
        class="sc-guDLey bfIzJH"
      />
      <span
        class="sc-guDLey bfIzJH"
      />
      <span
        class="sc-guDLey bfIzJH"
      />
      <span
        class="sc-guDLey bfIzJH"
      />
      <span
        class="sc-guDLey bfIzJH"
      />
      <span
        class="sc-guDLey bfIzJH"
      />
      <span
        class="sc-guDLey bfIzJH"
      />
      <span
        class="sc-guDLey bfIzJH"
      />
      <span
        class="sc-guDLey bfIzJH"
      />
      <span
        class="sc-guDLey bfIzJH"
      />
      <span
        class="sc-guDLey bfIzJH"
      />
      <span
        class="sc-guDLey bfIzJH"
      />
      <span
        class="sc-guDLey bfIzJH"
      />
      <span
        class="sc-guDLey bfIzJH"
      />
      <span
        class="sc-guDLey bfIzJH"
      />
      <span
        class="sc-guDLey bfIzJH"
      />
      <span
        class="sc-guDLey bfIzJH"
      />
      <div
        class="sc-hLQSwg sc-eDLKkx cTjIhq ecztgU"
      >
        Fri
      </div>
      <span
        class="sc-guDLey bfIzJH"
      />
      <span
        class="sc-guDLey bfIzJH"
      />
      <span
        class="sc-guDLey bfIzJH"
      />
      <span
        class="sc-guDLey bfIzJH"
      />
      <span
        class="sc-guDLey bfIzJH"
      />
      <span
        class="sc-guDLey bfIzJH"
      />
      <span
        class="sc-guDLey bfIzJH"
      />
      <span
        class="sc-guDLey bfIzJH"
      />
      <span
        class="sc-guDLey bfIzJH"
      />
      <span
        class="sc-guDLey bfIzJH"
      />
      <span
        class="sc-guDLey bfIzJH"
      />
      <span
        class="sc-guDLey bfIzJH"
      />
      <span
        class="sc-guDLey bfIzJH"
      />
      <span
        class="sc-guDLey bfIzJH"
      />
      <span
        class="sc-guDLey bfIzJH"
      />
      <span
        class="sc-guDLey bfIzJH"
      />
      <span
        class="sc-guDLey bfIzJH"
      />
      <span
        class="sc-guDLey bfIzJH"
      />
      <span
        class="sc-guDLey bfIzJH"
      />
      <span
        class="sc-guDLey bfIzJH"
      />
      <span
        class="sc-guDLey bfIzJH"
      />
      <span
        class="sc-guDLey bfIzJH"
      />
      <span
        class="sc-guDLey bfIzJH"
      />
      <span
        class="sc-guDLey bfIzJH"
      />
      <div
        class="sc-hLQSwg sc-eDLKkx cTjIhq ecztgU"
      >
        Sat
      </div>
      <span
        class="sc-guDLey bfIzJH"
      />
      <span
        class="sc-guDLey bfIzJH"
      />
      <span
        class="sc-guDLey bfIzJH"
      />
      <span
        class="sc-guDLey bfIzJH"
      />
      <span
        class="sc-guDLey bfIzJH"
      />
      <span
        class="sc-guDLey bfIzJH"
      />
      <span
        class="sc-guDLey bfIzJH"
      />
      <span
        class="sc-guDLey bfIzJH"
      />
      <span
        class="sc-guDLey bfIzJH"
      />
      <span
        class="sc-guDLey bfIzJH"
      />
      <span
        class="sc-guDLey bfIzJH"
      />
      <span
        class="sc-guDLey bfIzJH"
      />
      <span
        class="sc-guDLey bfIzJH"
      />
      <span
        class="sc-guDLey bfIzJH"
      />
      <span
        class="sc-guDLey bfIzJH"
      />
      <span
        class="sc-guDLey bfIzJH"
      />
      <span
        class="sc-guDLey bfIzJH"
      />
      <span
        class="sc-guDLey bfIzJH"
      />
      <span
        class="sc-guDLey bfIzJH"
      />
      <span
        class="sc-guDLey bfIzJH"
      />
      <span
        class="sc-guDLey bfIzJH"
      />
      <span
        class="sc-guDLey bfIzJH"
      />
      <span
        class="sc-guDLey bfIzJH"
      />
      <span
        class="sc-guDLey bfIzJH"
      />
    </div>
  </div>
</DocumentFragment>
`;
