// Jest Snapshot v1, https://goo.gl/fbAQLP

exports[`ItemEmpty component testing ItemEmpty 1`] = `
<DocumentFragment>
  <div
    class="sc-beySPh jgSsOQ"
  >
    <img
      class="sc-guDLey jHAbxq"
      src=""
      width="80"
    />
    <div
      class="sc-dmyCSP cUviah"
      pb="1"
      pt="2"
    >
      <p
        align="center"
        class="sc-hLQSwg haAjsr"
        color="#041C33"
        font-size="14px"
        lineheight="1.4"
        weight="bold"
      >
        title
      </p>
    </div>
    <p
      align="left"
      class="sc-hLQSwg enZtIW"
      color="#041C33"
      font-size="13px"
      lineheight="1.4"
      weight="normal"
    >
      subtitle
    </p>
  </div>
</DocumentFragment>
`;
