// Jest Snapshot v1, https://goo.gl/fbAQLP

exports[`RadioButton component testing RadioButton 1`] = `
<DocumentFragment>
  <label
    class="sc-beySPh EUduf"
  >
    <input
      type="radio"
    />
    <div
      border="1px"
      class="sc-guDLey fmOMRk"
      inside="8px"
    />
    <span
      class="sc-dmyCSP dFQipR"
    >
      RadioButton
    </span>
  </label>
</DocumentFragment>
`;
